// Jest Snapshot v1, https://goo.gl/fbAQLP

exports[`Testing Login Form renders successfully 1`] = `
<Component
  style={
    Object {
      "backgroundColor": "#FFFFFF",
      "flex": 1,
      "padding": 10,
    }
  }
>
  <Card>
    <Space
      height={50}
    />
    <CardSection>
      <Logo
        size="medium"
      />
    </CardSection>
    <CardSection>
      <HeaderText1
        headerText="Welcome to thumb"
      />
    </CardSection>
    <Space
      height={30}
    />
    <CardSection>
      <Button
        onPress={[Function]}
      >
        log in
      </Button>
      <WidthSpace
        width={30}
      />
      <Button
        onPress={[Function]}
      >
        create account
      </Button>
    </CardSection>
    <CardSection>
      <StandardText>
        By tapping "log in" or "create account", I agree to thumb's 
        <Link1
          linkText="terms of service"
          onPress={[Function]}
        />
         and 
        <Link1
          linkText="privacy policy"
          onPress={[Function]}
        />
        .
      </StandardText>
    </CardSection>
  </Card>
</Component>
`;
